                                                                                                                        
                                                                                                                        
                                                                                                                        
                                                                                                                        
                                                                                                                        
                                                                                                                        
                                                                                                                        
                                                                                                                        
                                                                                                                        
                                                                                                                        
                                                                                                                        
                                                                                                                        
                                                                                                                        
                                                                                                                        
                                                                                                                        
                               ╭────────────────────────────────────────────────────────╮                               
                               │                                                        │                               
                               │  New Project (1/2)                                     │                               
                               │                                                        │                               
                               │  Project name:                                         │                               
                               │  > my-project                                          │                               
                               │                                                        │                               
                               │  enter: next  esc: cancel                              │                               
                               │                                                        │                               
                               ╰────────────────────────────────────────────────────────╯                               
                                                                                                                        
                                                                                                                        
                                                                                                                        
                                                                                                                        
                                                                                                                        
                                                                                                                        
                                                                                                                        
                                                                                                                        
                                                                                                                        
                                                                                                                        
                                                                                                                        
                                                                                                                        
                                                                                                                        
                                                                                                                        
                                                                                                                        