 hive                           │╭─────────────────────────────────────────────────────────────────────────────────────╮
                                ││                                                                                     │
▼ [1] test-project-1            ││                                                                                     │
   ● session-1 [claude] ←       ││                                                                                     │
▼ [2] test-project-2            ││                                                                                     │
   ● session-2 [codex]          ││                                                                                     │
▼ [3] my-new-project            ││                                                                                     │
                                ││                                                                                     │
                                ││                                                                                     │
                                ││                                                                                     │
                                ││                                                                                     │
                                ││                                                                                     │
                                ││                                                                                     │
                                ││                                                                                     │
                                ││                                                                                     │
                                ││                                                                                     │
                                ││                                                                                     │
                                ││                                                                                     │
                                ││                                 Waiting for output…                                 │
                                ││                                                                                     │
                                ││                                                                                     │
                                ││                                                                                     │
                                ││                                                                                     │
                                ││                                                                                     │
                                ││                                                                                     │
                                ││                                                                                     │
                                ││                                                                                     │
                                ││                                                                                     │
                                ││                                                                                     │
                                ││                                                                                     │
                                ││                                                                                     │
                                ││                                                                                     │
                                ││                                                                                     │
                                ││                                                                                     │
                                ││                                                                                     │
                                ││                                                                                     │
                                ││                                                                                     │
                                │╰─────────────────────────────────────────────────────────────────────────────────────╯
 hive / my-new-project / session-1 [claude] ● [running]                                                                 
 ?:help  n:new project  t:new session  T:new team  a/↵:attach  g/G:grid view  r:rename  c/C:color  x:kill  S:settings   