 hive                           │╭─────────────────────────────────────────────────────────────────────────────────────╮
                                ││ Output from session 1                                                               │
▼ [1] test-project-1            ││                                                                                     │
   ● session-1 [claude] ←       ││                                                                                     │
▼ [2] test-project-2            ││                                                                                     │
   ● session-2 [codex]          ││                                                                                     │
                                ││                                                                                     │
                                ││                                                                                     │
                                ││                                                                                     │
                                ││                                                                                     │
                                ││                                                                                     │
                                ││                                                                                     │
                                ││                                                                                     │
                                ││                                                                                     │
                                ││                                                                                     │
                                ││                                                                                     │
                                ││                                                                                     │
                                ││                                                                                     │
                                ││                                                                                     │
                                ││                                                                                     │
                                ││                                                                                     │
                                ││                                                                                     │
                                ││                                                                                     │
                                ││                                                                                     │
                                ││                                                                                     │
                                ││                                                                                     │
                                ││                                                                                     │
                                ││                                                                                     │
                                ││                                                                                     │
                                ││                                                                                     │
                                ││                                                                                     │
                                ││                                                                                     │
                                ││                                                                                     │
                                ││                                                                                     │
                                ││                                                                                     │
                                ││                                                                                     │
                                │╰─────────────────────────────────────────────────────────────────────────────────────╯
○ session-1  ○ session-2                                                                                                
 hive / test-project-1 / session-1 [claude] ● [running]                                                                 
 ? help • n new project • t new session • a/enter attach • g grid view • r rename • c next color • x kill session …  ○  