                                                                                                                        
                                                                                                                        
                                                                                                                        
                                                                                                                        
                                                                                                                        
                                                                                                                        
                                                                                                                        
                                                                                                                        
                                                                                                                        
                                                                                                                        
                                                                                                                        
                                                                                                                        
                                                                                                                        
                                                                                                                        
                              ╭─────────────────────────────────────────────────────────╮                               
                              │                                                         │                               
                              │   Attaching to session                                  │                               
                              │                                                         │                               
                              │   You are about to attach to a running agent session.   │                               
                              │   The Hive TUI will be suspended while you work.        │                               
                              │                                                         │                               
                              │   To return to Hive:  press  Ctrl+Q                     │                               
                              │                                                         │                               
                              │   enter: proceed  d: don't show again  esc: cancel      │                               
                              │                                                         │                               
                              ╰─────────────────────────────────────────────────────────╯                               
                                                                                                                        
                                                                                                                        
                                                                                                                        
                                                                                                                        
                                                                                                                        
                                                                                                                        
                                                                                                                        
                                                                                                                        
                                                                                                                        
                                                                                                                        
                                                                                                                        
                                                                                                                        
                                                                                                                        
                                                                                                                        