                                                                                                                        
                                                                                                                        
                                                                                                                        
                                                                                                                        
                                                                                                                        
                                                                                                                        
                                                                                                                        
                            ╭──────────────────────────────────────────────────────────────╮                            
                            │                                                              │                            
                            │  Select Directory                                            │                            
                            │  /Users/lucascaro/checkout/claude-                           │                            
                            │  mux/.worktrees/functional-testing/internal/tui              │                            
                            │  ──────────────────────────────────────────────────────      │                            
                            │                                                              │                            
                            │  │   components                                              │                            
                            │                                                              │                            
                            │      styles                                                  │                            
                            │                                                              │                            
                            │      testdata                                                │                            
                            │                                                              │                            
                            │                                                              │                            
                            │                                                              │                            
                            │                                                              │                            
                            │                                                              │                            
                            │                                                              │                            
                            │                                                              │                            
                            │                                                              │                            
                            │                                                              │                            
                            │  ↑/↓: navigate  enter: open  ←: up  /: search  .: here       │                            
                            │  esc: cancel                                                 │                            
                            │                                                              │                            
                            ╰──────────────────────────────────────────────────────────────╯                            
                                                                                                                        
                                                                                                                        
                                                                                                                        
                                                                                                                        
                                                                                                                        
                                                                                                                        
                                                                                                                        
                                                                                                                        