                                                                                                                        
                                                                                                                        
                                                                                                                        
                                                                                                                        
                                                                                                                        
                                                                                                                        
                                                                                                                        
                                                                                                                        
                                                                                                                        
                                                                                                                        
                                                                                                                        
                                                                                                                        
                                                                                                                        
                                                                                                                        
                                                                                                                        
                                  ╭──────────────────────────────────────────────────╮                                  
                                  │                                                  │                                  
                                  │                     Confirm                      │                                  
                                  │                                                  │                                  
                                  │            Kill session "session-1"?             │                                  
                                  │                                                  │                                  
                                  │             y/enter: yes  n/esc: no              │                                  
                                  │                                                  │                                  
                                  ╰──────────────────────────────────────────────────╯                                  
                                                                                                                        
                                                                                                                        
                                                                                                                        
                                                                                                                        
                                                                                                                        
                                                                                                                        
                                                                                                                        
                                                                                                                        
                                                                                                                        
                                                                                                                        
                                                                                                                        
                                                                                                                        
                                                                                                                        
                                                                                                                        
                                                                                                                        
                                                                                                                        