╭──────────────────────────────────────────────────────────╮╭──────────────────────────────────────────────────────────╮
│● [claude] session-1 · test-project-1                     ││● [codex] session-2 · test-project-2                      │
│…                                                         ││…                                                         │
│                                                          ││                                                          │
│                                                          ││                                                          │
│                                                          ││                                                          │
│                                                          ││                                                          │
│                                                          ││                                                          │
│                                                          ││                                                          │
│                                                          ││                                                          │
│                                                          ││                                                          │
│                                                          ││                                                          │
│                                                          ││                                                          │
│                                                          ││                                                          │
│                                                          ││                                                          │
│                                                          ││                                                          │
│                                                          ││                                                          │
│                                                          ││                                                          │
│                                                          ││                                                          │
│                                                          ││                                                          │
│                                                          ││                                                          │
│                                                          ││                                                          │
│                                                          ││                                                          │
│                                                          ││                                                          │
│                                                          ││                                                          │
│                                                          ││                                                          │
│                                                          ││                                                          │
│                                                          ││                                                          │
│                                                          ││                                                          │
│                                                          ││                                                          │
│                                                          ││                                                          │
│                                                          ││                                                          │
│                                                          ││                                                          │
│                                                          ││                                                          │
│                                                          ││                                                          │
│                                                          ││                                                          │
╰──────────────────────────────────────────────────────────╯╰──────────────────────────────────────────────────────────╯
○ idle  ● working  ◉ waiting  ✕ dead                                                                                    
↑↓←→ navigate • shift+left/shift+right reorder • enter attach • x kill • r rename • c/C project color …                 
○ session-1  ○ session-2                                                                                                