                                                                                                                        
                                                                                                                        
   [;m╭────────────────────────────────────────────────────────────────────────────────────────────────────────────────╮[0m   
   [;m│[0m   Hive Help                                                                                                    [;m│[0m   
   [;m│[0m  ╭──────╮                                                                                                      [;m│[0m   
   [;m│[0m  │ Keys │ tmux   Usage   Features                                                                              [;m│[0m   
   [;m│[0m──╯      ╰──────────────────────────────────────────────────────────────────────────────────────────────────────[;m│[0m   
   [;m│[0m  [48;2;0;0;0m↑       up                 shift+up    move up                 c next color            ?      help          [m  [;m│[0m   
   [;m│[0m  [48;2;0;0;0m[48;2;0;0;0m↓       down               shift+down  move down               C prev color            H      tmux shortcuts[m  [;m│[0m   
   [;m│[0m  [48;2;0;0;0m[48;2;0;0;0mK       prev project       shift+left  move left               v next session color    S      settings      [m  [;m│[0m   
   [;m│[0m  [48;2;0;0;0m[48;2;0;0;0mJ       next project       shift+right move right              V prev session color    ctrl+p palette       [m  [;m│[0m   
   [;m│[0m  [48;2;0;0;0m[48;2;0;0;0mup/k    cursor up          enter       attach                  / filter                q      quit          [m  [;m│[0m   
   [;m│[0m  [48;2;0;0;0m[48;2;0;0;0mdown/j  cursor down        i           input mode              s sidebar view          Q      quit+kill     [m  [;m│[0m   
   [;m│[0m  [48;2;0;0;0m[48;2;0;0;0mleft/h  cursor left        ctrl+q      detach                  g grid view                                  [m  [;m│[0m   
   [;m│[0m  [48;2;0;0;0m[48;2;0;0;0mright/l cursor right       t           new session             G toggle all-grid                            [m  [;m│[0m   
   [;m│[0m  [48;2;0;0;0m[48;2;0;0;0m[1-9]   jump to project    W           new worktree session                                                 [m  [;m│[0m   
   [;m│[0m  [48;2;0;0;0m[48;2;0;0;0m←/h     collapse           T           new team                                                             [m  [;m│[0m   
   [;m│[0m  [48;2;0;0;0m[48;2;0;0;0m→/l     expand             n           new project                                                          [m  [;m│[0m   
   [;m│[0m  [48;2;0;0;0m[48;2;0;0;0mspace   toggle             r           rename                                                               [m  [;m│[0m   
   [;m│[0m  [48;2;0;0;0m[48;2;0;0;0m                           x           kill session                                                         [m  [;m│[0m   
   [;m│[0m  [48;2;0;0;0m[48;2;0;0;0m                           D           kill team                                                            [m  [;m│[0m   
   [;m│[0m  [48;2;0;0;0m[48;2;0;0;0m[m                                                                                                              [;m│[0m   
   [;m│[0m  [48;2;0;0;0m[48;2;0;0;0m[m                                                                                                              [;m│[0m   
   [;m│[0m  [48;2;0;0;0m[48;2;0;0;0m[m                                                                                                              [;m│[0m   
   [;m│[0m  [48;2;0;0;0m[48;2;0;0;0m[m                                                                                                              [;m│[0m   
   [;m│[0m  [48;2;0;0;0m[48;2;0;0;0m[m                                                                                                              [;m│[0m   
   [;m│[0m  [48;2;0;0;0m[48;2;0;0;0m[m                                                                                                              [;m│[0m   
   [;m│[0m  [48;2;0;0;0m[48;2;0;0;0m[m                                                                                                              [;m│[0m   
   [;m│[0m  [48;2;0;0;0m[48;2;0;0;0m[m                                                                                                              [;m│[0m   
   [;m│[0m  [48;2;0;0;0m[48;2;0;0;0m[m                                                                                                              [;m│[0m   
   [;m│[0m  [48;2;0;0;0m[48;2;0;0;0m[m                                                                                                              [;m│[0m   
   [;m│[0m  [48;2;0;0;0m[48;2;0;0;0m[m                                                                                                              [;m│[0m   
   [;m│[0m  [48;2;0;0;0m[48;2;0;0;0m[m                                                                                                              [;m│[0m   
   [;m│[0m  [48;2;0;0;0m[48;2;0;0;0m[m                                                                                                              [;m│[0m   
   [;m│[0m  [48;2;0;0;0m[48;2;0;0;0m[m                                                                                                              [;m│[0m   
   [;m│[0m  [48;2;0;0;0m[48;2;0;0;0m[m                                                                                                              [;m│[0m   
   [;m│[0m ←/→:switch tab  ↑↓/j/k:scroll  ?/q/esc:close                                                                   [;m│[0m   
   [;m╰────────────────────────────────────────────────────────────────────────────────────────────────────────────────╯[0m   
                                                                                                                        
                                                                                                                        