                                                                                                                        
                                                                                                                        
   [;m╭────────────────────────────────────────────────────────────────────────────────────────────────────────────────╮[0m   
   [;m│[0m   Hive Help                                                                                                    [;m│[0m   
   [;m│[0m       ╭──────╮                                                                                                 [;m│[0m   
   [;m│[0m  Keys │ tmux │ Usage   Features                                                                                [;m│[0m   
   [;m│[0m───────╯      ╰─────────────────────────────────────────────────────────────────────────────────────────────────[;m│[0m   
   [;m│[0m  [48;2;17;24;39mKey bindings while inside an attached tmux session.[m                                                           [;m│[0m   
   [;m│[0m  [48;2;17;24;39m[48;2;17;24;39m[m                                                                                                              [;m│[0m   
   [;m│[0m  [48;2;17;24;39m[48;2;17;24;39mctrl+q              detach from session (return to Hive)[m                                                      [;m│[0m   
   [;m│[0m  [48;2;17;24;39m[48;2;17;24;39mctrl+b c            create a new window[m                                                                       [;m│[0m   
   [;m│[0m  [48;2;17;24;39m[48;2;17;24;39mctrl+b n / p        next / previous window[m                                                                    [;m│[0m   
   [;m│[0m  [48;2;17;24;39m[48;2;17;24;39mctrl+b 0-9          switch to window by number[m                                                                [;m│[0m   
   [;m│[0m  [48;2;17;24;39m[48;2;17;24;39mctrl+b ,            rename current window[m                                                                     [;m│[0m   
   [;m│[0m  [48;2;17;24;39m[48;2;17;24;39mctrl+b %            split pane vertically[m                                                                     [;m│[0m   
   [;m│[0m  [48;2;17;24;39m[48;2;17;24;39mctrl+b "            split pane horizontally[m                                                                   [;m│[0m   
   [;m│[0m  [48;2;17;24;39m[48;2;17;24;39mctrl+b arrow        navigate between panes[m                                                                    [;m│[0m   
   [;m│[0m  [48;2;17;24;39m[48;2;17;24;39mctrl+b z            zoom/unzoom current pane[m                                                                  [;m│[0m   
   [;m│[0m  [48;2;17;24;39m[48;2;17;24;39mctrl+b x            kill current pane[m                                                                         [;m│[0m   
   [;m│[0m  [48;2;17;24;39m[48;2;17;24;39mctrl+b [            enter scroll/copy mode (q to exit)[m                                                        [;m│[0m   
   [;m│[0m  [48;2;17;24;39m[48;2;17;24;39mctrl+b ]            paste from tmux buffer[m                                                                    [;m│[0m   
   [;m│[0m  [48;2;17;24;39m[48;2;17;24;39mctrl+b ?            show all tmux key bindings[m                                                                [;m│[0m   
   [;m│[0m  [48;2;17;24;39m[48;2;17;24;39mctrl+b t            show clock[m                                                                                [;m│[0m   
   [;m│[0m  [48;2;17;24;39m[48;2;17;24;39mctrl+b $            rename current session[m                                                                    [;m│[0m   
   [;m│[0m  [48;2;17;24;39m[48;2;17;24;39m[m                                                                                                              [;m│[0m   
   [;m│[0m  [48;2;17;24;39m[48;2;17;24;39m[m                                                                                                              [;m│[0m   
   [;m│[0m  [48;2;17;24;39m[48;2;17;24;39m[m                                                                                                              [;m│[0m   
   [;m│[0m  [48;2;17;24;39m[48;2;17;24;39m[m                                                                                                              [;m│[0m   
   [;m│[0m  [48;2;17;24;39m[48;2;17;24;39m[m                                                                                                              [;m│[0m   
   [;m│[0m  [48;2;17;24;39m[48;2;17;24;39m[m                                                                                                              [;m│[0m   
   [;m│[0m  [48;2;17;24;39m[48;2;17;24;39m[m                                                                                                              [;m│[0m   
   [;m│[0m  [48;2;17;24;39m[48;2;17;24;39m[m                                                                                                              [;m│[0m   
   [;m│[0m  [48;2;17;24;39m[48;2;17;24;39m[m                                                                                                              [;m│[0m   
   [;m│[0m  [48;2;17;24;39m[48;2;17;24;39m[m                                                                                                              [;m│[0m   
   [;m│[0m  [48;2;17;24;39m[48;2;17;24;39m[m                                                                                                              [;m│[0m   
   [;m│[0m  [48;2;17;24;39m[48;2;17;24;39m[m                                                                                                              [;m│[0m   
   [;m│[0m ←/→:switch tab  ↑↓/j/k:scroll  ?/esc:close                                                                     [;m│[0m   
   [;m╰────────────────────────────────────────────────────────────────────────────────────────────────────────────────╯[0m   
                                                                                                                        
                                                                                                                        