 hive                           │╭─────────────────────────────────────────────────────────────────────────────────────╮
                                ││                                                                                     │
  No sessions yet               ││                                                                                     │
  Press n to create a project   ││                                                                                     │
                                ││                                                                                     │
                                ││                                                                                     │
                                ││                                                                                     │
                                ││                                                                                     │
                                ││                                                                                     │
                                ││                                                                                     │
                                ││                                                                                     │
                                ││                                                                                     │
                                ││                                                                                     │
                                ││                                                                                     │
                                ││                                                                                     │
                                ││                                                                                     │
                                ││                                                                                     │
                                ││                                  No active session                                  │
                                ││                                                                                     │
                                ││                      Select a session and press 'a' to attach                       │
                                ││                                                                                     │
                                ││                                                                                     │
                                ││                                                                                     │
                                ││                                                                                     │
                                ││                                                                                     │
                                ││                                                                                     │
                                ││                                                                                     │
                                ││                                                                                     │
                                ││                                                                                     │
                                ││                                                                                     │
                                ││                                                                                     │
                                ││                                                                                     │
                                ││                                                                                     │
                                ││                                                                                     │
                                ││                                                                                     │
                                ││                                                                                     │
                                │╰─────────────────────────────────────────────────────────────────────────────────────╯
                                                                                                                        
 hive                                                                                                                   
 ? help • n new project • t new session • enter attach • g grid view • r rename • c next color • x kill session …  ○ i  