╭────────────────────────────╮
│                            │
│                            │
│                            │
│                            │
│    Waiting for output…     │
│                            │
│                            │
│                            │
│                            │
│                            │
╰────────────────────────────╯
○ session-1  ○ session-2      
 hive / test-project-1 / ses  
 ? help • n new project …  ○  