                                                                                                                        
                                                                                                                        
                                                                                                                        
                                                                                                                        
                                                                                                                        
                                                                                                                        
                                                                                                                        
                                                                                                                        
                                                                                                                        
                                                                                                                        
                                                                                                                        
                                                                                                                        
     ╭───────────────────────────────────────────────────────────────────────────────────────────────────────────╮      
     │                                                                                                           │      
     │   Hive — Keyboard Shortcuts                                                                               │      
     │                                                                                                           │      
     │   ↑     up              a/enter attach                  c           next color    ?      help             │      
     │   ↓     down            t       new session             C           prev color    H      tmux shortcuts   │      
     │   K     prev project    W       new worktree session    shift+up    move up       S      settings         │      
     │   J     next project    T       new team                shift+down  move down     ctrl+p palette          │      
     │   ←     collapse        n       new project             shift+left  move left     tab    switch pane      │      
     │   →     expand          r       rename                  shift+right move right    q      quit             │      
     │   space toggle          x       kill session            /           filter        Q      quit+kill        │      
     │                         D       kill team               g           grid view                             │      
     │                                                                                                           │      
     │   Press ? or esc to close                                                                                 │      
     │                                                                                                           │      
     ╰───────────────────────────────────────────────────────────────────────────────────────────────────────────╯      
                                                                                                                        
                                                                                                                        
                                                                                                                        
                                                                                                                        
                                                                                                                        
                                                                                                                        
                                                                                                                        
                                                                                                                        
                                                                                                                        
                                                                                                                        
                                                                                                                        
                                                                                                                        