 hive                           │╭─────────────────────────────────────────────────────────────────────────────────────╮
                                ││ $ claude                                                                            │
▼ [1] test-project-1            ││                                                                                     │
   ● session-1 [claude] ←       ││ Hello! I'm Claude, an AI assistant.                                                 │
▼ [2] test-project-2            ││                                                                                     │
   ● session-2 [codex]          ││ How can I help you today?                                                           │
                                ││                                                                                     │
                                ││                                                                                     │
                                ││                                                                                     │
                                ││                                                                                     │
                                ││                                                                                     │
                                ││                                                                                     │
                                ││                                                                                     │
                                ││                                                                                     │
                                ││                                                                                     │
                                ││                                                                                     │
                                ││                                                                                     │
                                ││                                                                                     │
                                ││                                                                                     │
                                ││                                                                                     │
                                ││                                                                                     │
                                ││                                                                                     │
                                ││                                                                                     │
                                ││                                                                                     │
                                ││                                                                                     │
                                ││                                                                                     │
                                ││                                                                                     │
                                ││                                                                                     │
                                ││                                                                                     │
                                ││                                                                                     │
                                ││                                                                                     │
                                ││                                                                                     │
                                ││                                                                                     │
                                ││                                                                                     │
                                ││                                                                                     │
                                ││                                                                                     │
                                │╰─────────────────────────────────────────────────────────────────────────────────────╯
○ session-1  ○ session-2                                                                                                
 hive / test-project-1 / session-1 [claude] ● [running]                                                                 
 ? help • n new project • t new session • a/enter attach • g grid view • r rename • c next color • x kill session …  ○  