╭────────────────────────────╮
│                            │
│                            │
│                            │
│                            │
│                            │
│    Waiting for output…     │
│                            │
│                            │
│                            │
│                            │
│                            │
╰────────────────────────────╯
 hive / test-project-1 / ses  
 ? help • n new project …  ○  